// Jest Snapshot v1, https://goo.gl/fbAQLP

exports[`errors authGet 1`] = `"la la la"`;
